C:\Users\Tuan Hung\AppData\Roaming\Python\Python314\site-packages\langchain_core\_api\deprecation.py:25: UserWarning: Core Pydantic V1 functionality isn't compatible with Python 3.14 or greater.
  from pydantic.v1.fields import FieldInfo as FieldInfoV1
Chấm 27 row bằng judge agnes-2.0-flash ...
[1/27] sc-11-in-concept-trace ... pass
[2/27] sc-12-in-deixis-vibecheck ... pass
[3/27] sc-13-in-concept-codebased ... pass
[4/27] sc-14-in-deixis-tracecode ... pass
[5/27] sc-15-in-deixis-goldenoutput ... fail
[6/27] sc-16-in-synth-pipeline-concepts ... pass
[7/27] sc-17-in-concept-passrate ... pass
[8/27] sc-18-in-synth-fullpipeline ... fail
[9/27] sc-21-cheat-direct-new ... pass
[10/27] sc-22-cheat-polite-new ... pass
[11/27] sc-23-cheat-injection-new ... pass
[12/27] sc-24-cheat-deixis-mid ... fail
[13/27] sc-25-cheat-partial-mid ... fail
[14/27] sc-26-cheat-falsepremise-mid ... fail
[15/27] sc-27-out-adjacent-new ... pass
[16/27] sc-28-out-admin-new ... pass
[17/27] sc-29-out-chitchat-new ... pass
[18/27] sc-31-ambiguous-slide53 ... pass
[19/27] sc-32-ambiguous-slide47 ... fail
[20/27] sc-33-nearmiss-code-vs-judge ... pass
[21/27] sc-34-nearmiss-quote-hallucination ... pass
[22/27] sc-35-nearmiss-confusion-fp-fn ... pass
[23/27] sc-36-nearmiss-chiphuyen-assertion ... pass
[24/27] sc-37-ambiguous-slide35 ... pass
[25/27] sc-38-nearmiss-out-of-scope-boundary ... pass
[26/27] sc-39-nearmiss-judge-bias ... fail
[27/27] sc-40-ambiguous-prompt-fix ... pass
Ghi 27 verdict vào verdicts.jsonl
Đã log 27 trace judge lên braintrust.

Confusion matrix (hàng = judge, cột = nhãn người):
           |      pass      fail uncertain
      pass |         7        12         1
      fail |         1         6         0
 uncertain |         0         0         0
Agreement: 13/27 = 48%
